============================= test session starts =============================
platform win32 -- Python 3.12.1, pytest-7.4.3, pluggy-1.5.0
rootdir: D:\Projetos\DOTGROUP
plugins: mock-3.14.1, anyio-4.11.0, asyncio-0.21.1
asyncio: mode=Mode.STRICT
collected 0 items / 1 error

=================================== ERRORS ====================================
________________ ERROR collecting Questao 1/tests/test_main.py ________________
ImportError while importing test module 'D:\Projetos\DOTGROUP\Questao 1\tests\test_main.py'.
Hint: make sure your test modules/packages have valid Python names.
Traceback:
C:\Users\diego\AppData\Local\Programs\Python\Python312\Lib\importlib\__init__.py:90: in import_module
    return _bootstrap._gcd_import(name[level:], package, level)
Questao 1\tests\test_main.py:10: in <module>
    from main import app
Questao 1\main.py:2: in <module>
    from . import models, database
E   ImportError: attempted relative import with no known parent package
============================== warnings summary ===============================
C:\Users\diego\AppData\Roaming\Python\Python312\site-packages\starlette\formparsers.py:10
  C:\Users\diego\AppData\Roaming\Python\Python312\site-packages\starlette\formparsers.py:10: PendingDeprecationWarning: Please use `import python_multipart` instead.
    import multipart

-- Docs: https://docs.pytest.org/en/stable/how-to/capture-warnings.html
=========================== short test summary info ===========================
ERROR Questao 1/tests/test_main.py
!!!!!!!!!!!!!!!!!!! Interrupted: 1 error during collection !!!!!!!!!!!!!!!!!!!!
========================= 1 warning, 1 error in 1.24s =========================
